// Jest Snapshot v1, https://goo.gl/fbAQLP

exports[`CookieConsentGate should render children if consented to provider 1`] = `
<div>
  <div>
    Test
  </div>
</div>
`;

exports[`CookieConsentGate should render gate content if not consented to cookies of provider 1`] = `
<div>
  <div
    class="md:p-12 p-4 rounded-lg border max-w-5xl mx-auto !text-left"
    style="background-color: rgb(236, 240, 241); border-color: #bdc3c7;"
  >
    <h2
      class="text-xl font-semibold mb-4"
      style="color: rgb(44, 62, 80);"
    >
      Your consent is required to view this content
    </h2>
    <p
      class="mb-12"
      style="color: rgb(52, 73, 94);"
    >
      Sorry. We can not display this content as it requires your consent for cookies from
       
      <b
        style="color: rgb(52, 73, 94);"
      >
        Some Website
        .
      </b>
    </p>
    <div
      class="mb-12 md:p-8 p-2 rounded-lg"
      style="background-color: rgba(189, 195, 199, 0.2);"
    >
      <div
        class="mb-3 pt-3"
        style="border-color: rgba(189, 195, 199, 0.8);"
      >
        <div
          class="flex justify-between items-center"
        >
          <div>
            <h4
              class="font-bold text-base"
              style="color: rgb(44, 62, 80);"
            >
              Some Website
            </h4>
            <p
              class="text-xs text-justify hyphens-auto"
              style="color: rgb(52, 73, 94);"
            >
              We use session cookies to store your session on our website. This cookie is necessary to use the website.
               
              <a
                class="underline"
                href="https://example.com/privacy"
              >
                Privacy Policy of Some Website
              </a>
            </p>
          </div>
          <div
            class="w-24 flex flex-shrink-0 justify-end"
          >
            <div
              style="cursor: not-allowed; opacity: 0.5;"
            >
              <input
                hidden=""
                readonly=""
                style="position: fixed; top: 1px; left: 1px; width: 1px; height: 0px; padding: 0px; margin: -1px; overflow: hidden; clip: rect(0px, 0px, 0px, 0px); white-space: nowrap; border-width: 0px; display: none;"
                type="hidden"
              />
              <input
                disabled=""
                hidden=""
                name="website"
                readonly=""
                style="position: fixed; top: 1px; left: 1px; width: 1px; height: 0px; padding: 0px; margin: -1px; overflow: hidden; clip: rect(0px, 0px, 0px, 0px); white-space: nowrap; border-width: 0px; display: none;"
                type="checkbox"
                value="on"
              />
              <button
                aria-checked="false"
                class="relative my-auto inline-flex h-6 w-11 flex-shrink-0 rounded-full border-2 border-transparent 
                    transition-colors duration-200 ease-in-out focus:outline-none focus:ring-2 focus:ring-green-500 focus:ring-offset-2
                    "
                data-disabled=""
                data-headlessui-state="disabled"
                data-testid="react-gdpr-cookie-consent-switch-button"
                disabled=""
                id="headlessui-switch-«r0»"
                role="switch"
                style="background-color: rgb(189, 195, 199);"
                tabindex="0"
                type="button"
              >
                <span
                  aria-hidden="true"
                  class="pointer-events-none inline-block h-5 w-5 transform rounded-full bg-white shadow 
                    ring-0 transition duration-200 ease-in-out
                    translate-x-0"
                />
              </button>
            </div>
          </div>
        </div>
        <div
          class="mt-4"
          data-headlessui-state=""
        >
          <div
            aria-expanded="false"
            class="min-w-24 flex justify-end items-center hover:cursor-pointer mt-4"
            data-headlessui-state=""
            id="headlessui-disclosure-button-«r1»"
          >
            <p
              class="text-xs"
              style="color: rgb(52, 73, 94);"
            >
              Show details
            </p>
            <svg
              class="w-6 h-6 ml-3"
              fill="none"
              stroke="currentColor"
              stroke-width="1.5"
              style="color: rgb(52, 73, 94);"
              viewBox="0 0 24 24"
              xmlns="http://www.w3.org/2000/svg"
            >
              <title>
                Chevron down to expand the section
              </title>
              <path
                d="m19.5 8.25-7.5 7.5-7.5-7.5"
                stroke-linecap="round"
                stroke-linejoin="round"
              />
            </svg>
          </div>
        </div>
      </div>
    </div>
    <div
      class="flex justify-end w-full"
    >
      <button
        class="hover:scale-105 px-3 py-2 md:w-max w-full text-sm rounded-lg 
            duration-300 font-medium opacity-50 cursor-not-allowed"
        disabled=""
        style="color: rgb(236, 240, 241); background-color: rgb(44, 62, 80);"
        type="button"
      >
        Accept Selected
      </button>
    </div>
  </div>
</div>
`;
